// Jest Snapshot v1, https://goo.gl/fbAQLP

exports[`bucket stack 1`] = `
Object {
  "Resources": Object {
    "Bucket83908E77": Object {
      "DeletionPolicy": "Delete",
      "Properties": Object {
        "BucketName": "my-bucket-foo",
        "Tags": Array [
          Object {
            "Key": "environment",
            "Value": "foo",
          },
          Object {
            "Key": "foo",
            "Value": "bar",
          },
        ],
      },
      "Type": "AWS::S3::Bucket",
      "UpdateReplacePolicy": "Delete",
    },
  },
}
`;
